<div
  id="implicit"
>
  <div
    id="clickable"
  >
    Mounted: true Clicks: 1
    <img
      alt="logo"
      src="/some/base/path/assets/logo-[hash].svg"
    />
  </div>
</div>