<div
  id="implicit"
>
  <button
    id="clickable"
  >
    foo Mounted: true Clicks: 1
  </button>
</div>
<pre>
    cjs-exports=[[object Object], 1, 2]
  cjs-module-exports=[[object Object], 1, 2]
  esm2cjs=[d, 1, 2]
  esm=[d, 1, 2]

</pre>