<div
  id="implicit"
>
  <button
    class="btn btn--secondary"
    data-ebayui=""
    id="clickable"
    type="button"
  >
    Mounted: false Clicks: 0
  </button>
</div>