<div
  id="implicit"
>
  <div
    id="clickable"
  >
    Mounted: true Clicks: 0 LOGO_PATH: /my-prefix/assets/logo-[hash].svg ENV: /
  </div>
</div>