<div
  id="implicit"
>
  <div
    id="clickable"
  >
    Mounted: false Clicks: 0 LOGO_PATH: /my-prefix/assets/logo-eba2cc1d.svg ENV: /
  </div>
</div>