<div
  id="implicit"
>
  <div
    id="clickable"
  >
    Mounted: true Clicks: 1
    <img
      alt="logo"
      src="/assets/logo-[hash].svg"
    />
    <img
      alt="logo"
      src="/assets/logo-[hash].svg"
    />
    <script
      src="./script.js"
    />
    <script
      src="/assets/script-[hash].js"
    />
    <link
      href="./styles.css"
      rel="stylesheet"
    />
    <link
      href="/assets/styles-[hash].css"
      rel="stylesheet"
    />
  </div>
</div>