<div
  id="implicit"
>
  <div
    id="clickable"
  >
    Mounted: false Clicks: 0
    <img
      alt="logo"
      src="/src/components/logo.svg"
    />
    <img
      alt="logo"
      src="/src/components/logo.svg"
    />
    <script
      async=""
      src="./script.js"
    />
  </div>
</div>