<div
  id="implicit"
>
  <div
    id="clickable"
  >
    Mounted: false Clicks: 0
    <img
      alt="logo"
      src="/src/components/logo.svg"
    />
    <img
      alt="logo"
      src="/src/components/logo.svg"
    />
    <script
      src="./script.js"
    />
    <script
      src="/src/components/script.js"
    />
    <link
      href="./styles.css"
      rel="stylesheet"
    />
  </div>
</div>