<div
  id="implicit"
>
  <div
    id="clickable"
  >
    Mounted: true Clicks: 1
    <img
      alt="logo"
      src="/src/components/logo.svg"
    />
  </div>
</div>