<div
  id="implicit"
>
  <div
    id="clickable"
  >
    Mounted: true Clicks: 1 LOGO_PATH: /my-prefix/assets/logo-[hash].svg ENV: /
  </div>
</div>
<div>
  PRELOAD: /my-prefix/assets/read-head-[hash].js
</div>