<div
  id="implicit"
>
  <div
    id="clickable"
  >
    Mounted: true Clicks: 0 LOGO_PATH: /my-prefix/logo-[hash].svg ENV: /
  </div>
</div>
<div>
  PRELOAD: /my-prefix/read-[hash].js
</div>