<div
  id="implicit"
>
  <div
    id="clickable"
  >
    Mounted: true Clicks: 1 LOGO_PATH: /src/components/logo.svg ENV: /
  </div>
</div>