<div
  id="implicit"
>
  <div
    id="clickable"
  >
    Mounted: true Clicks: 1
  </div>
</div>