<button>
  <img
    alt="icon"
    src="/assets/icon-[hash].svg"
  />
</button>