<button>
  <img
    alt="icon"
    src="/node_modules/test-package/components/test-icon/icon.svg"
  />
</button>