Loaded Implicit Component
<div
  id="page"
>
  <div
    id="implicit"
  >
    <div
      id="clickable"
    >
      Mounted: false Clicks: 0
    </div>
  </div>
</div>