Loaded Implicit Component
<h1>
  test marko dep
</h1>
<div
  id="page"
>
  <div
    id="implicit"
  >
    <div
      id="clickable"
    >
      Mounted: true Clicks: 1
    </div>
  </div>
</div>