<script
  async=""
  crossorigin=""
  src="/assets/class-[hash].marko-[hash].js"
  type="module"
/>