<script
  async=""
  crossorigin=""
  src="/assets/class-[hash].marko-[hash].js"
  type="module"
/>
<link
  crossorigin=""
  href="/assets/modulepreload-[hash].js"
  rel="modulepreload"
/>
<div
  class="clickable"
>
  Mounted: false Clicks: 0
</div>
<div
  class="clickable"
>
  Mounted: false Clicks: 0
</div>