<div
  class="clickable"
>
  Mounted: true Clicks: 0
</div>
<script
  async=""
  src="/src/template.marko?marko-browser-entry"
  type="module"
/>
<script
  async=""
  src="/src/components/class-[hash].marko?marko-browser-entry"
  type="module"
/>
<div
  class="clickable"
>
  Mounted: true Clicks: 0
</div>