<script
  async=""
  blocking="render"
  class="marko-vite-preload"
  type="module"
>
  import "/@vite/client";import "/src/components/class-[hash].marko?marko-browser-entry";document.querySelectorAll('.marko-vite-preload').forEach((el) =&gt; el.remove());document.documentElement.style.visibility='';if(document.documentElement.getAttribute('style')==='')document.documentElement.removeAttribute('style');
</script>
<script
  class="marko-vite-preload"
>
  document.documentElement.style.visibility='hidden'
</script>
<div
  id="clickable"
>
  Mounted: false Clicks: 0
</div>
<script
  async=""
  src="/src/template.marko?marko-browser-entry"
  type="module"
/>
<script
  async=""
  src="/src/components/class-[hash].marko?marko-browser-entry"
  type="module"
/>
<script
  async=""
  blocking="render"
  class="marko-vite-preload"
  type="module"
>
  import "/@vite/client";import "/src/components/class-[hash].marko?marko-browser-entry";document.querySelectorAll('.marko-vite-preload').forEach((el) =&gt; el.remove());document.documentElement.style.visibility='';if(document.documentElement.getAttribute('style')==='')document.documentElement.removeAttribute('style');
</script>