<script
  async=""
  blocking="render"
  class="marko-vite-preload"
  type="module"
>
  import "/@vite/client";import "/src/components/class-[hash].marko?marko-browser-entry";document.querySelectorAll('.marko-vite-preload').forEach((el) =&gt; el.remove());document.documentElement.style.visibility='';if(document.documentElement.getAttribute('style')==='')document.documentElement.removeAttribute('style');
</script>