<div
  id="clickable"
>
  Mounted: true Clicks: 0
</div>