<div
  id="clickable"
>
  Mounted: true Clicks: 1
</div>