<div
  id="clickable"
>
  Mounted: false Clicks: 0
</div>