<img
  alt="image"
  src="/assets/image-[hash].svg"
/>